2026-08-24 10:54:43,817 [DEBUG] services.excel_service - Fichier validé : extension=.xls, taille=55618560 octets
2026-08-24 10:54:44,291 [DEBUG] services.excel_service - Attributs des feuilles : ['PMS_19_24', 'PMS 25', 'PMS 19-25', 'Feuil1', 'PMS 2026', 'CEP 19-24', 'CEP 25', 'CEP 26', 'MCV REMONTE', 'MCV REMONTE 25', 'MCV_REALISE', 'MCV_REVOLVING', 'MCV RECOLNING 26', 'MCV OVIN 26', 'LABOUR', 'Semence direct_Riz_2024', 'Semence direct_Oignon_2024', 'GVEC 2024', 'GVEC 2025', 'GVEC 26', 'PI AUE', 'GCV', 'PACK RIZ', 'POST CATATROPHE', 'SEMENCE DE BASE', 'FDA_REMONTE', 'FDA-REALISE', 'ORN', 'APPUI_EAF_2024', 'APPUI EAF_2019_2025', 'APPUI EAF_2026', 'EAF NI_19 24', 'EAF NI 2024', 'EAF NI 2025', 'NUTRITION 2025', 'NUTRITION 26', 'COUPLAGE 2025', 'COUPLAGE 2019_2026', 'COUPLAGE 26', 'EAF_Interessé OP_OM', 'EAF_Interessé OP_OM 2025', 'FBS', 'GALS', "GALS_par effet tâche d'huile", 'FEMME LEADER', 'DONNEE SUR LE PI', 'LISTE MO HIMO']
2026-08-24 11:30:21,929 [DEBUG] services.excel_service - Fichier validé : extension=.xls, taille=2347520 octets
2026-08-24 11:30:22,523 [DEBUG] services.excel_service - Attributs des feuilles : ['PMS 2026', 'CEP 2026', 'MCV_REALISE', 'MCV_REVOLVING', 'MCV REVOLVING 2026', 'GVEC 2025', 'GGVEC 26', 'PACK RIZ', 'POST CATASTROPHE', 'SEMENCE DE BASE', 'Semence direct_Riz 2024', 'Semence direct_oignon_2024', 'DIFUSSION KIT SMI', 'PI AUE', 'GCV', 'ORN', 'FDA_REMONTE', 'FDA REALISE', 'FBS', 'GALS', 'COUPLAGE 2025', 'COUPLAGE 20_26', 'COUPLAGE 2026', 'BDD APPUI OP ', 'BDD UNION', 'BDD COOPERATIVE', 'Appui TTMK_KMM']
2026-08-24 11:30:34,371 [DEBUG] services.excel_service - Fichier validé : extension=.xls, taille=55618560 octets
2026-08-24 11:30:34,986 [DEBUG] services.excel_service - Attributs des feuilles : ['PMS_19_24', 'PMS 25', 'PMS 19-25', 'Feuil1', 'PMS 2026', 'CEP 19-24', 'CEP 25', 'CEP 26', 'MCV REMONTE', 'MCV REMONTE 25', 'MCV_REALISE', 'MCV_REVOLVING', 'MCV RECOLNING 26', 'MCV OVIN 26', 'LABOUR', 'Semence direct_Riz_2024', 'Semence direct_Oignon_2024', 'GVEC 2024', 'GVEC 2025', 'GVEC 26', 'PI AUE', 'GCV', 'PACK RIZ', 'POST CATATROPHE', 'SEMENCE DE BASE', 'FDA_REMONTE', 'FDA-REALISE', 'ORN', 'APPUI_EAF_2024', 'APPUI EAF_2019_2025', 'APPUI EAF_2026', 'EAF NI_19 24', 'EAF NI 2024', 'EAF NI 2025', 'NUTRITION 2025', 'NUTRITION 26', 'COUPLAGE 2025', 'COUPLAGE 2019_2026', 'COUPLAGE 26', 'EAF_Interessé OP_OM', 'EAF_Interessé OP_OM 2025', 'FBS', 'GALS', "GALS_par effet tâche d'huile", 'FEMME LEADER', 'DONNEE SUR LE PI', 'LISTE MO HIMO']
2026-08-24 11:32:43,571 [DEBUG] services.excel_service - Fichier validé : extension=.xlsx, taille=12913444 octets
2026-08-24 11:32:44,498 [DEBUG] services.excel_service - Feuilles trouvées : ['PMS_19_24', 'PMS 25', 'PMS 19-25', 'Feuil1', 'PMS 2026', 'CEP 19-24', 'CEP 25', 'CEP 26', 'MCV REMONTE', 'MCV REMONTE 25', 'MCV_REALISE', 'MCV_REVOLVING', 'MCV RECOLNING 26', 'MCV OVIN 26', 'LABOUR', 'Semence direct_Riz_2024', 'Semence direct_Oignon_2024', 'GVEC 2024', 'GVEC 2025', 'GVEC 26', 'PI AUE', 'GCV', 'PACK RIZ', 'POST CATATROPHE', 'SEMENCE DE BASE', 'FDA_REMONTE', 'FDA-REALISE', 'ORN', 'APPUI EAF_2019_2025', 'APPUI EAF_2026', 'EAF NI_19 24', 'EAF NI 2024', 'EAF NI 2025', 'NUTRITION 2025', 'NUTRITION 26', 'APPUI_EAF_2024']
2026-08-24 11:38:21,303 [DEBUG] services.excel_service - Fichier validé : extension=.xlsx, taille=12913444 octets
2026-08-24 11:38:21,725 [DEBUG] services.excel_service - Feuilles trouvées : ['PMS_19_24', 'PMS 25', 'PMS 19-25', 'Feuil1', 'PMS 2026', 'CEP 19-24', 'CEP 25', 'CEP 26', 'MCV REMONTE', 'MCV REMONTE 25', 'MCV_REALISE', 'MCV_REVOLVING', 'MCV RECOLNING 26', 'MCV OVIN 26', 'LABOUR', 'Semence direct_Riz_2024', 'Semence direct_Oignon_2024', 'GVEC 2024', 'GVEC 2025', 'GVEC 26', 'PI AUE', 'GCV', 'PACK RIZ', 'POST CATATROPHE', 'SEMENCE DE BASE', 'FDA_REMONTE', 'FDA-REALISE', 'ORN', 'APPUI EAF_2019_2025', 'APPUI EAF_2026', 'EAF NI_19 24', 'EAF NI 2024', 'EAF NI 2025', 'NUTRITION 2025', 'NUTRITION 26', 'APPUI_EAF_2024']
2026-08-24 11:46:35,769 [DEBUG] services.excel_service - Fichier validé : extension=.xls, taille=55618560 octets
2026-08-24 11:46:36,646 [DEBUG] services.excel_service - Feuilles trouvées : ['PMS_19_24', 'PMS 25', 'PMS 19-25', 'Feuil1', 'PMS 2026', 'CEP 19-24', 'CEP 25', 'CEP 26', 'MCV REMONTE', 'MCV REMONTE 25', 'MCV_REALISE', 'MCV_REVOLVING', 'MCV RECOLNING 26', 'MCV OVIN 26', 'LABOUR', 'Semence direct_Riz_2024', 'Semence direct_Oignon_2024', 'GVEC 2024', 'GVEC 2025', 'GVEC 26', 'PI AUE', 'GCV', 'PACK RIZ', 'POST CATATROPHE', 'SEMENCE DE BASE', 'FDA_REMONTE', 'FDA-REALISE', 'ORN', 'APPUI_EAF_2024', 'APPUI EAF_2019_2025', 'APPUI EAF_2026', 'EAF NI_19 24', 'EAF NI 2024', 'EAF NI 2025', 'NUTRITION 2025', 'NUTRITION 26', 'COUPLAGE 2025', 'COUPLAGE 2019_2026', 'COUPLAGE 26', 'EAF_Interessé OP_OM', 'EAF_Interessé OP_OM 2025', 'FBS', 'GALS', "GALS_par effet tâche d'huile", 'FEMME LEADER', 'DONNEE SUR LE PI', 'LISTE MO HIMO']
2026-08-24 11:46:42,957 [DEBUG] services.excel_service - Fichier validé : extension=.xls, taille=55618560 octets
2026-08-24 11:46:43,473 [DEBUG] services.excel_service - Prévisualisation : feuille=PMS_19_24, nombre_de_lignes=100
2026-08-24 11:47:15,573 [DEBUG] services.excel_service - Fichier validé : extension=.xls, taille=55618560 octets
2026-08-24 11:47:16,086 [DEBUG] services.excel_service - Prévisualisation : feuille=PMS 19-25, nombre_de_lignes=99
2026-08-24 11:48:57,769 [DEBUG] services.excel_service - Fichier validé : extension=.xls, taille=55618560 octets
2026-08-24 11:48:58,310 [DEBUG] services.excel_service - Prévisualisation : feuille=PMS_19_24, nombre_de_lignes=100
2026-08-24 11:48:59,492 [DEBUG] services.excel_service - Fichier validé : extension=.xls, taille=55618560 octets
2026-08-24 11:48:59,985 [DEBUG] services.excel_service - Prévisualisation : feuille=PMS 19-25, nombre_de_lignes=99
2026-08-24 11:49:30,306 [DEBUG] services.excel_service - Fichier validé : extension=.xls, taille=55618560 octets
2026-08-24 11:49:30,780 [DEBUG] services.excel_service - Prévisualisation : feuille=GALS, nombre_de_lignes=52
2026-08-24 12:02:01,845 [DEBUG] services.excel_service - Fichier validé : extension=.xlsx, taille=12913444 octets
2026-08-24 12:02:02,396 [DEBUG] services.excel_service - Feuilles trouvées : ['PMS_19_24', 'PMS 25', 'PMS 19-25', 'Feuil1', 'PMS 2026', 'CEP 19-24', 'CEP 25', 'CEP 26', 'MCV REMONTE', 'MCV REMONTE 25', 'MCV_REALISE', 'MCV_REVOLVING', 'MCV RECOLNING 26', 'MCV OVIN 26', 'LABOUR', 'Semence direct_Riz_2024', 'Semence direct_Oignon_2024', 'GVEC 2024', 'GVEC 2025', 'GVEC 26', 'PI AUE', 'GCV', 'PACK RIZ', 'POST CATATROPHE', 'SEMENCE DE BASE', 'FDA_REMONTE', 'FDA-REALISE', 'ORN', 'APPUI EAF_2019_2025', 'APPUI EAF_2026', 'EAF NI_19 24', 'EAF NI 2024', 'EAF NI 2025', 'NUTRITION 2025', 'NUTRITION 26', 'APPUI_EAF_2024']
2026-08-24 12:02:55,084 [DEBUG] services.excel_service - Fichier validé : extension=.xlsx, taille=12913444 octets
2026-08-24 12:02:55,616 [DEBUG] services.excel_service - Feuilles trouvées : ['PMS_19_24', 'PMS 25', 'PMS 19-25', 'Feuil1', 'PMS 2026', 'CEP 19-24', 'CEP 25', 'CEP 26', 'MCV REMONTE', 'MCV REMONTE 25', 'MCV_REALISE', 'MCV_REVOLVING', 'MCV RECOLNING 26', 'MCV OVIN 26', 'LABOUR', 'Semence direct_Riz_2024', 'Semence direct_Oignon_2024', 'GVEC 2024', 'GVEC 2025', 'GVEC 26', 'PI AUE', 'GCV', 'PACK RIZ', 'POST CATATROPHE', 'SEMENCE DE BASE', 'FDA_REMONTE', 'FDA-REALISE', 'ORN', 'APPUI EAF_2019_2025', 'APPUI EAF_2026', 'EAF NI_19 24', 'EAF NI 2024', 'EAF NI 2025', 'NUTRITION 2025', 'NUTRITION 26', 'APPUI_EAF_2024']
2026-08-24 12:02:59,337 [DEBUG] services.excel_service - Fichier validé : extension=.xlsx, taille=12913444 octets
2026-08-24 12:02:59,703 [DEBUG] services.excel_service - Prévisualisation : feuille=PMS_19_24, nombre_de_lignes=1
2026-08-24 12:03:21,851 [DEBUG] services.excel_service - Fichier validé : extension=.xlsx, taille=12913444 octets
2026-08-24 12:03:22,242 [DEBUG] services.excel_service - Prévisualisation : feuille=PMS 19-25, nombre_de_lignes=1
2026-08-24 14:35:33,221 [DEBUG] services.excel_service - Fichier validé : extension=.xlsx, taille=12913444 octets
2026-08-24 14:35:36,516 [DEBUG] services.excel_service - Feuilles trouvées : ['PMS_19_24', 'PMS 25', 'PMS 19-25', 'Feuil1', 'PMS 2026', 'CEP 19-24', 'CEP 25', 'CEP 26', 'MCV REMONTE', 'MCV REMONTE 25', 'MCV_REALISE', 'MCV_REVOLVING', 'MCV RECOLNING 26', 'MCV OVIN 26', 'LABOUR', 'Semence direct_Riz_2024', 'Semence direct_Oignon_2024', 'GVEC 2024', 'GVEC 2025', 'GVEC 26', 'PI AUE', 'GCV', 'PACK RIZ', 'POST CATATROPHE', 'SEMENCE DE BASE', 'FDA_REMONTE', 'FDA-REALISE', 'ORN', 'APPUI EAF_2019_2025', 'APPUI EAF_2026', 'EAF NI_19 24', 'EAF NI 2024', 'EAF NI 2025', 'NUTRITION 2025', 'NUTRITION 26', 'APPUI_EAF_2024']
2026-08-24 14:35:42,661 [DEBUG] services.excel_service - Fichier validé : extension=.xlsx, taille=12913444 octets
2026-08-24 14:35:43,180 [DEBUG] services.excel_service - Prévisualisation : feuille=PMS_19_24, nombre_de_lignes=1
2026-08-24 14:44:47,384 [DEBUG] services.excel_service - Fichier validé : extension=.xlsx, taille=12913444 octets
2026-08-24 14:44:47,890 [DEBUG] services.excel_service - Feuilles trouvées : ['PMS_19_24', 'PMS 25', 'PMS 19-25', 'Feuil1', 'PMS 2026', 'CEP 19-24', 'CEP 25', 'CEP 26', 'MCV REMONTE', 'MCV REMONTE 25', 'MCV_REALISE', 'MCV_REVOLVING', 'MCV RECOLNING 26', 'MCV OVIN 26', 'LABOUR', 'Semence direct_Riz_2024', 'Semence direct_Oignon_2024', 'GVEC 2024', 'GVEC 2025', 'GVEC 26', 'PI AUE', 'GCV', 'PACK RIZ', 'POST CATATROPHE', 'SEMENCE DE BASE', 'FDA_REMONTE', 'FDA-REALISE', 'ORN', 'APPUI EAF_2019_2025', 'APPUI EAF_2026', 'EAF NI_19 24', 'EAF NI 2024', 'EAF NI 2025', 'NUTRITION 2025', 'NUTRITION 26', 'APPUI_EAF_2024']
2026-08-24 14:44:51,010 [DEBUG] services.excel_service - Fichier validé : extension=.xlsx, taille=12913444 octets
2026-08-24 14:44:51,462 [DEBUG] services.excel_service - Prévisualisation : feuille=PMS_19_24, nombre_de_lignes=1
2026-08-24 14:50:17,119 [DEBUG] services.excel_service - Fichier validé : extension=.xlsx, taille=12913444 octets
2026-08-24 14:50:17,488 [DEBUG] services.excel_service - Feuilles trouvées : ['PMS_19_24', 'PMS 25', 'PMS 19-25', 'Feuil1', 'PMS 2026', 'CEP 19-24', 'CEP 25', 'CEP 26', 'MCV REMONTE', 'MCV REMONTE 25', 'MCV_REALISE', 'MCV_REVOLVING', 'MCV RECOLNING 26', 'MCV OVIN 26', 'LABOUR', 'Semence direct_Riz_2024', 'Semence direct_Oignon_2024', 'GVEC 2024', 'GVEC 2025', 'GVEC 26', 'PI AUE', 'GCV', 'PACK RIZ', 'POST CATATROPHE', 'SEMENCE DE BASE', 'FDA_REMONTE', 'FDA-REALISE', 'ORN', 'APPUI EAF_2019_2025', 'APPUI EAF_2026', 'EAF NI_19 24', 'EAF NI 2024', 'EAF NI 2025', 'NUTRITION 2025', 'NUTRITION 26', 'APPUI_EAF_2024']
2026-08-24 14:50:27,809 [DEBUG] services.excel_service - Fichier validé : extension=.xlsx, taille=12913444 octets
2026-08-24 14:50:28,092 [DEBUG] services.excel_service - Prévisualisation : feuille=PMS_19_24, nombre_de_lignes=1
2026-08-24 14:50:56,414 [DEBUG] services.excel_service - Fichier validé : extension=.xlsx, taille=12913444 octets
2026-08-24 14:50:56,744 [DEBUG] services.excel_service - Feuilles trouvées : ['PMS_19_24', 'PMS 25', 'PMS 19-25', 'Feuil1', 'PMS 2026', 'CEP 19-24', 'CEP 25', 'CEP 26', 'MCV REMONTE', 'MCV REMONTE 25', 'MCV_REALISE', 'MCV_REVOLVING', 'MCV RECOLNING 26', 'MCV OVIN 26', 'LABOUR', 'Semence direct_Riz_2024', 'Semence direct_Oignon_2024', 'GVEC 2024', 'GVEC 2025', 'GVEC 26', 'PI AUE', 'GCV', 'PACK RIZ', 'POST CATATROPHE', 'SEMENCE DE BASE', 'FDA_REMONTE', 'FDA-REALISE', 'ORN', 'APPUI EAF_2019_2025', 'APPUI EAF_2026', 'EAF NI_19 24', 'EAF NI 2024', 'EAF NI 2025', 'NUTRITION 2025', 'NUTRITION 26', 'APPUI_EAF_2024']
2026-08-24 14:53:57,456 [DEBUG] services.excel_service - Fichier validé : extension=.xlsx, taille=12913444 octets
2026-08-24 14:53:57,813 [DEBUG] services.excel_service - Feuilles trouvées : ['PMS_19_24', 'PMS 25', 'PMS 19-25', 'Feuil1', 'PMS 2026', 'CEP 19-24', 'CEP 25', 'CEP 26', 'MCV REMONTE', 'MCV REMONTE 25', 'MCV_REALISE', 'MCV_REVOLVING', 'MCV RECOLNING 26', 'MCV OVIN 26', 'LABOUR', 'Semence direct_Riz_2024', 'Semence direct_Oignon_2024', 'GVEC 2024', 'GVEC 2025', 'GVEC 26', 'PI AUE', 'GCV', 'PACK RIZ', 'POST CATATROPHE', 'SEMENCE DE BASE', 'FDA_REMONTE', 'FDA-REALISE', 'ORN', 'APPUI EAF_2019_2025', 'APPUI EAF_2026', 'EAF NI_19 24', 'EAF NI 2024', 'EAF NI 2025', 'NUTRITION 2025', 'NUTRITION 26', 'APPUI_EAF_2024']
2026-08-24 14:54:03,344 [DEBUG] services.excel_service - Fichier validé : extension=.xlsx, taille=12913444 octets
2026-08-24 14:54:03,629 [DEBUG] services.excel_service - Prévisualisation : feuille=Feuil1, nombre_de_lignes=0
2026-08-24 14:54:45,209 [DEBUG] services.excel_service - Fichier validé : extension=.xlsx, taille=12913444 octets
2026-08-24 14:54:45,718 [DEBUG] services.excel_service - Feuilles trouvées : ['PMS_19_24', 'PMS 25', 'PMS 19-25', 'Feuil1', 'PMS 2026', 'CEP 19-24', 'CEP 25', 'CEP 26', 'MCV REMONTE', 'MCV REMONTE 25', 'MCV_REALISE', 'MCV_REVOLVING', 'MCV RECOLNING 26', 'MCV OVIN 26', 'LABOUR', 'Semence direct_Riz_2024', 'Semence direct_Oignon_2024', 'GVEC 2024', 'GVEC 2025', 'GVEC 26', 'PI AUE', 'GCV', 'PACK RIZ', 'POST CATATROPHE', 'SEMENCE DE BASE', 'FDA_REMONTE', 'FDA-REALISE', 'ORN', 'APPUI EAF_2019_2025', 'APPUI EAF_2026', 'EAF NI_19 24', 'EAF NI 2024', 'EAF NI 2025', 'NUTRITION 2025', 'NUTRITION 26', 'APPUI_EAF_2024']
2026-08-24 14:54:48,702 [DEBUG] services.excel_service - Fichier validé : extension=.xlsx, taille=12913444 octets
2026-08-24 14:54:49,008 [DEBUG] services.excel_service - Prévisualisation : feuille=Feuil1, nombre_de_lignes=0
2026-08-24 15:02:24,239 [DEBUG] services.excel_service - Fichier validé : extension=.xlsx, taille=12913444 octets
2026-08-24 15:02:24,654 [DEBUG] services.excel_service - Feuilles trouvées : ['PMS_19_24', 'PMS 25', 'PMS 19-25', 'Feuil1', 'PMS 2026', 'CEP 19-24', 'CEP 25', 'CEP 26', 'MCV REMONTE', 'MCV REMONTE 25', 'MCV_REALISE', 'MCV_REVOLVING', 'MCV RECOLNING 26', 'MCV OVIN 26', 'LABOUR', 'Semence direct_Riz_2024', 'Semence direct_Oignon_2024', 'GVEC 2024', 'GVEC 2025', 'GVEC 26', 'PI AUE', 'GCV', 'PACK RIZ', 'POST CATATROPHE', 'SEMENCE DE BASE', 'FDA_REMONTE', 'FDA-REALISE', 'ORN', 'APPUI EAF_2019_2025', 'APPUI EAF_2026', 'EAF NI_19 24', 'EAF NI 2024', 'EAF NI 2025', 'NUTRITION 2025', 'NUTRITION 26', 'APPUI_EAF_2024']
2026-08-24 15:02:30,935 [DEBUG] services.excel_service - Fichier validé : extension=.xlsx, taille=12913444 octets
2026-08-24 15:02:31,212 [DEBUG] services.excel_service - Prévisualisation : feuille=PMS 25, nombre_de_lignes=1
2026-08-24 15:02:50,717 [DEBUG] services.excel_service - Fichier validé : extension=.xlsx, taille=12913444 octets
2026-08-24 15:02:51,128 [DEBUG] services.excel_service - Feuilles trouvées : ['PMS_19_24', 'PMS 25', 'PMS 19-25', 'Feuil1', 'PMS 2026', 'CEP 19-24', 'CEP 25', 'CEP 26', 'MCV REMONTE', 'MCV REMONTE 25', 'MCV_REALISE', 'MCV_REVOLVING', 'MCV RECOLNING 26', 'MCV OVIN 26', 'LABOUR', 'Semence direct_Riz_2024', 'Semence direct_Oignon_2024', 'GVEC 2024', 'GVEC 2025', 'GVEC 26', 'PI AUE', 'GCV', 'PACK RIZ', 'POST CATATROPHE', 'SEMENCE DE BASE', 'FDA_REMONTE', 'FDA-REALISE', 'ORN', 'APPUI EAF_2019_2025', 'APPUI EAF_2026', 'EAF NI_19 24', 'EAF NI 2024', 'EAF NI 2025', 'NUTRITION 2025', 'NUTRITION 26', 'APPUI_EAF_2024']
2026-08-24 15:02:55,189 [DEBUG] services.excel_service - Fichier validé : extension=.xlsx, taille=12913444 octets
2026-08-24 15:02:55,731 [DEBUG] services.excel_service - Prévisualisation : feuille=PMS_19_24, nombre_de_lignes=1
2026-08-24 15:03:52,756 [DEBUG] services.excel_service - Fichier validé : extension=.xlsx, taille=12913444 octets
2026-08-24 15:03:53,036 [DEBUG] services.excel_service - Feuilles trouvées : ['PMS_19_24', 'PMS 25', 'PMS 19-25', 'Feuil1', 'PMS 2026', 'CEP 19-24', 'CEP 25', 'CEP 26', 'MCV REMONTE', 'MCV REMONTE 25', 'MCV_REALISE', 'MCV_REVOLVING', 'MCV RECOLNING 26', 'MCV OVIN 26', 'LABOUR', 'Semence direct_Riz_2024', 'Semence direct_Oignon_2024', 'GVEC 2024', 'GVEC 2025', 'GVEC 26', 'PI AUE', 'GCV', 'PACK RIZ', 'POST CATATROPHE', 'SEMENCE DE BASE', 'FDA_REMONTE', 'FDA-REALISE', 'ORN', 'APPUI EAF_2019_2025', 'APPUI EAF_2026', 'EAF NI_19 24', 'EAF NI 2024', 'EAF NI 2025', 'NUTRITION 2025', 'NUTRITION 26', 'APPUI_EAF_2024']
2026-08-24 15:04:34,665 [DEBUG] services.excel_service - Fichier validé : extension=.xlsx, taille=12913444 octets
2026-08-24 15:04:34,926 [DEBUG] services.excel_service - Feuilles trouvées : ['PMS_19_24', 'PMS 25', 'PMS 19-25', 'Feuil1', 'PMS 2026', 'CEP 19-24', 'CEP 25', 'CEP 26', 'MCV REMONTE', 'MCV REMONTE 25', 'MCV_REALISE', 'MCV_REVOLVING', 'MCV RECOLNING 26', 'MCV OVIN 26', 'LABOUR', 'Semence direct_Riz_2024', 'Semence direct_Oignon_2024', 'GVEC 2024', 'GVEC 2025', 'GVEC 26', 'PI AUE', 'GCV', 'PACK RIZ', 'POST CATATROPHE', 'SEMENCE DE BASE', 'FDA_REMONTE', 'FDA-REALISE', 'ORN', 'APPUI EAF_2019_2025', 'APPUI EAF_2026', 'EAF NI_19 24', 'EAF NI 2024', 'EAF NI 2025', 'NUTRITION 2025', 'NUTRITION 26', 'APPUI_EAF_2024']
2026-08-24 15:04:52,143 [DEBUG] services.excel_service - Fichier validé : extension=.xlsx, taille=12913444 octets
2026-08-24 15:04:52,539 [DEBUG] services.excel_service - Feuilles trouvées : ['PMS_19_24', 'PMS 25', 'PMS 19-25', 'Feuil1', 'PMS 2026', 'CEP 19-24', 'CEP 25', 'CEP 26', 'MCV REMONTE', 'MCV REMONTE 25', 'MCV_REALISE', 'MCV_REVOLVING', 'MCV RECOLNING 26', 'MCV OVIN 26', 'LABOUR', 'Semence direct_Riz_2024', 'Semence direct_Oignon_2024', 'GVEC 2024', 'GVEC 2025', 'GVEC 26', 'PI AUE', 'GCV', 'PACK RIZ', 'POST CATATROPHE', 'SEMENCE DE BASE', 'FDA_REMONTE', 'FDA-REALISE', 'ORN', 'APPUI EAF_2019_2025', 'APPUI EAF_2026', 'EAF NI_19 24', 'EAF NI 2024', 'EAF NI 2025', 'NUTRITION 2025', 'NUTRITION 26', 'APPUI_EAF_2024']
2026-08-24 15:06:38,696 [DEBUG] services.excel_service - Fichier validé : extension=.xlsx, taille=12913444 octets
2026-08-24 15:06:38,980 [DEBUG] services.excel_service - Feuilles trouvées : ['PMS_19_24', 'PMS 25', 'PMS 19-25', 'Feuil1', 'PMS 2026', 'CEP 19-24', 'CEP 25', 'CEP 26', 'MCV REMONTE', 'MCV REMONTE 25', 'MCV_REALISE', 'MCV_REVOLVING', 'MCV RECOLNING 26', 'MCV OVIN 26', 'LABOUR', 'Semence direct_Riz_2024', 'Semence direct_Oignon_2024', 'GVEC 2024', 'GVEC 2025', 'GVEC 26', 'PI AUE', 'GCV', 'PACK RIZ', 'POST CATATROPHE', 'SEMENCE DE BASE', 'FDA_REMONTE', 'FDA-REALISE', 'ORN', 'APPUI EAF_2019_2025', 'APPUI EAF_2026', 'EAF NI_19 24', 'EAF NI 2024', 'EAF NI 2025', 'NUTRITION 2025', 'NUTRITION 26', 'APPUI_EAF_2024']
2026-08-24 15:06:47,796 [DEBUG] services.excel_service - Fichier validé : extension=.xlsx, taille=12913444 octets
2026-08-24 15:06:48,142 [DEBUG] services.excel_service - Prévisualisation : feuille=PMS_19_24, nombre_de_lignes=1
2026-08-24 15:08:52,681 [DEBUG] services.excel_service - Fichier validé : extension=.xlsx, taille=12913444 octets
2026-08-24 15:08:53,105 [DEBUG] services.excel_service - Feuilles trouvées : ['PMS_19_24', 'PMS 25', 'PMS 19-25', 'Feuil1', 'PMS 2026', 'CEP 19-24', 'CEP 25', 'CEP 26', 'MCV REMONTE', 'MCV REMONTE 25', 'MCV_REALISE', 'MCV_REVOLVING', 'MCV RECOLNING 26', 'MCV OVIN 26', 'LABOUR', 'Semence direct_Riz_2024', 'Semence direct_Oignon_2024', 'GVEC 2024', 'GVEC 2025', 'GVEC 26', 'PI AUE', 'GCV', 'PACK RIZ', 'POST CATATROPHE', 'SEMENCE DE BASE', 'FDA_REMONTE', 'FDA-REALISE', 'ORN', 'APPUI EAF_2019_2025', 'APPUI EAF_2026', 'EAF NI_19 24', 'EAF NI 2024', 'EAF NI 2025', 'NUTRITION 2025', 'NUTRITION 26', 'APPUI_EAF_2024']
2026-08-24 15:19:03,355 [DEBUG] services.excel_service - Fichier validé : extension=.xlsx, taille=12913444 octets
2026-08-24 15:19:05,165 [DEBUG] services.excel_service - Feuilles trouvées : ['PMS_19_24', 'PMS 25', 'PMS 19-25', 'Feuil1', 'PMS 2026', 'CEP 19-24', 'CEP 25', 'CEP 26', 'MCV REMONTE', 'MCV REMONTE 25', 'MCV_REALISE', 'MCV_REVOLVING', 'MCV RECOLNING 26', 'MCV OVIN 26', 'LABOUR', 'Semence direct_Riz_2024', 'Semence direct_Oignon_2024', 'GVEC 2024', 'GVEC 2025', 'GVEC 26', 'PI AUE', 'GCV', 'PACK RIZ', 'POST CATATROPHE', 'SEMENCE DE BASE', 'FDA_REMONTE', 'FDA-REALISE', 'ORN', 'APPUI EAF_2019_2025', 'APPUI EAF_2026', 'EAF NI_19 24', 'EAF NI 2024', 'EAF NI 2025', 'NUTRITION 2025', 'NUTRITION 26', 'APPUI_EAF_2024']
2026-08-24 15:19:12,994 [DEBUG] services.excel_service - Fichier validé : extension=.xlsx, taille=12913444 octets
2026-08-24 15:19:13,307 [DEBUG] services.excel_service - Prévisualisation : feuille=PMS_19_24, nombre_de_lignes=1
2026-08-24 15:19:21,350 [DEBUG] services.excel_service - Fichier validé : extension=.xlsx, taille=12913444 octets
2026-08-24 15:19:22,073 [DEBUG] services.excel_service - Lecture de la feuille : feuille=PMS_19_24, lignes=277
2026-08-24 15:19:22,602 [DEBUG] services.excel_service - Structure SQLite créée : table=hello, lignes=277
2026-08-24 17:30:50,939 [DEBUG] services.excel_service - Fichier validé : extension=.xlsx, taille=12913444 octets
2026-08-24 17:30:54,119 [DEBUG] services.excel_service - Feuilles trouvées : ['PMS_19_24', 'PMS 25', 'PMS 19-25', 'Feuil1', 'PMS 2026', 'CEP 19-24', 'CEP 25', 'CEP 26', 'MCV REMONTE', 'MCV REMONTE 25', 'MCV_REALISE', 'MCV_REVOLVING', 'MCV RECOLNING 26', 'MCV OVIN 26', 'LABOUR', 'Semence direct_Riz_2024', 'Semence direct_Oignon_2024', 'GVEC 2024', 'GVEC 2025', 'GVEC 26', 'PI AUE', 'GCV', 'PACK RIZ', 'POST CATATROPHE', 'SEMENCE DE BASE', 'FDA_REMONTE', 'FDA-REALISE', 'ORN', 'APPUI EAF_2019_2025', 'APPUI EAF_2026', 'EAF NI_19 24', 'EAF NI 2024', 'EAF NI 2025', 'NUTRITION 2025', 'NUTRITION 26', 'APPUI_EAF_2024']
2026-08-24 17:31:00,124 [DEBUG] services.excel_service - Fichier validé : extension=.xlsx, taille=12913444 octets
2026-08-24 17:31:00,546 [DEBUG] services.excel_service - Prévisualisation : feuille=PMS_19_24, nombre_de_lignes=1
2026-08-24 17:42:36,518 [DEBUG] services.excel_service - Fichier validé : extension=.xlsx, taille=12913444 octets
2026-08-24 17:42:36,798 [DEBUG] services.excel_service - Feuilles trouvées : ['PMS_19_24', 'PMS 25', 'PMS 19-25', 'Feuil1', 'PMS 2026', 'CEP 19-24', 'CEP 25', 'CEP 26', 'MCV REMONTE', 'MCV REMONTE 25', 'MCV_REALISE', 'MCV_REVOLVING', 'MCV RECOLNING 26', 'MCV OVIN 26', 'LABOUR', 'Semence direct_Riz_2024', 'Semence direct_Oignon_2024', 'GVEC 2024', 'GVEC 2025', 'GVEC 26', 'PI AUE', 'GCV', 'PACK RIZ', 'POST CATATROPHE', 'SEMENCE DE BASE', 'FDA_REMONTE', 'FDA-REALISE', 'ORN', 'APPUI EAF_2019_2025', 'APPUI EAF_2026', 'EAF NI_19 24', 'EAF NI 2024', 'EAF NI 2025', 'NUTRITION 2025', 'NUTRITION 26', 'APPUI_EAF_2024']
2026-08-24 17:42:42,072 [DEBUG] services.excel_service - Fichier validé : extension=.xlsx, taille=12913444 octets
2026-08-24 17:42:42,583 [DEBUG] services.excel_service - Prévisualisation : feuille=MCV REMONTE 25, nombre_de_lignes=1
2026-08-24 17:46:18,475 [DEBUG] services.excel_service - Fichier validé : extension=.xlsx, taille=12913444 octets
2026-08-24 17:46:18,823 [DEBUG] services.excel_service - Feuilles trouvées : ['PMS_19_24', 'PMS 25', 'PMS 19-25', 'Feuil1', 'PMS 2026', 'CEP 19-24', 'CEP 25', 'CEP 26', 'MCV REMONTE', 'MCV REMONTE 25', 'MCV_REALISE', 'MCV_REVOLVING', 'MCV RECOLNING 26', 'MCV OVIN 26', 'LABOUR', 'Semence direct_Riz_2024', 'Semence direct_Oignon_2024', 'GVEC 2024', 'GVEC 2025', 'GVEC 26', 'PI AUE', 'GCV', 'PACK RIZ', 'POST CATATROPHE', 'SEMENCE DE BASE', 'FDA_REMONTE', 'FDA-REALISE', 'ORN', 'APPUI EAF_2019_2025', 'APPUI EAF_2026', 'EAF NI_19 24', 'EAF NI 2024', 'EAF NI 2025', 'NUTRITION 2025', 'NUTRITION 26', 'APPUI_EAF_2024']
2026-08-24 17:46:22,554 [DEBUG] services.excel_service - Fichier validé : extension=.xlsx, taille=12913444 octets
2026-08-24 17:46:22,984 [DEBUG] services.excel_service - Prévisualisation : feuille=MCV OVIN 26, nombre_de_lignes=1
2026-08-24 17:51:11,069 [DEBUG] services.excel_service - Fichier validé : extension=.xlsx, taille=679279 octets
2026-08-24 17:51:11,458 [DEBUG] services.excel_service - Feuilles trouvées : ['CEP 25', 'COUPLAGE OP_OM 2026 _GP ', 'CEP 2026', 'GPT GVEC_2026', 'GPT MCV_REVOLVING 26', 'BDD APPUI OP ', 'BDD UNION', 'BDD COOPERATIVE', 'MCV_REALISE', 'MCV_REVOLVING', 'Semence direct_Riz 2024', 'Semence direct_oignon_2024', 'DIFUSSION KIT SMI', 'PI AUE', 'GCV', 'ORN', 'FDA_REMONTE', 'GVEC 2025', 'FDA REALISE', 'FBS', 'GALS', 'COUPLAGE 2025', 'COUPLAGE 20-26', 'PACK RIZ', 'POST CATASTROPHE', 'SEMENCE DE BASE', 'Appui TTMK_KMM']
2026-08-24 17:51:14,466 [DEBUG] services.excel_service - Fichier validé : extension=.xlsx, taille=679279 octets
2026-08-24 17:51:15,034 [DEBUG] services.excel_service - Prévisualisation : feuille=BDD APPUI OP , nombre_de_lignes=1
2026-08-24 18:53:03,126 [DEBUG] services.excel_service - Fichier validé : extension=.xlsx, taille=33629 octets
2026-08-24 18:53:03,422 [DEBUG] services.excel_service - Feuilles trouvées : ['Feuille_1_Niv_0', 'Feuille_2_Niv_1', 'Feuille_3_Niv_2', 'Feuille_4_Niv_3', 'Feuille_5_Niv_4', 'Feuille_6_Niv_5', 'Feuille_7_Mixte']
2026-08-24 18:53:06,693 [DEBUG] services.excel_service - Fichier validé : extension=.xlsx, taille=33629 octets
2026-08-24 18:53:06,834 [DEBUG] services.excel_service - Prévisualisation : feuille=Feuille_1_Niv_0, nombre_de_lignes=1
2026-08-24 23:02:55,226 [DEBUG] services.excel_service - Fichier validé : extension=.xlsx, taille=348619 octets
2026-08-24 23:02:56,281 [DEBUG] services.excel_service - Feuilles trouvées : ['PMS 19-25', 'PMS 2026', 'CEP 25', 'CEP 2026', 'MCV_REALISE', 'MCV_REVOLVING', 'MCV_REVOLVING 2026', 'GVEC 2025', 'GVEC 2026 ', 'Semence direct_Riz 2024', 'Semence direct_oignon_2024', 'DIFUSSION KIT SMI', 'PI AUE', 'GCV', 'ORN', 'FDA_REMONTE', 'FDA REALISE', 'FBS', 'GALS', 'COUPLAGE 2025', 'COUPLAGE 20-25', 'COUPLAGE 2026', 'PACK RIZ', 'POST CATASTROPHE', 'BDD OP APPUYE', 'BDD UNION', 'BDD COOPERATIVE', 'Appui TTMK_KMM']
2026-08-24 23:02:59,125 [DEBUG] services.excel_service - Fichier validé : extension=.xlsx, taille=348619 octets
2026-08-24 23:02:59,578 [DEBUG] services.excel_service - Prévisualisation : feuille=PI AUE, nombre_de_lignes=1
2026-08-24 23:03:00,173 [DEBUG] services.excel_service - Fichier validé : extension=.xlsx, taille=348619 octets
2026-08-24 23:03:00,343 [DEBUG] services.excel_service - Fichier validé : extension=.xlsx, taille=348619 octets
2026-08-24 23:03:01,085 [DEBUG] services.excel_service - Prévisualisation : feuille=GCV, nombre_de_lignes=1
2026-08-24 23:03:01,308 [DEBUG] services.excel_service - Prévisualisation : feuille=ORN, nombre_de_lignes=1
2026-08-25 15:34:06,507 [DEBUG] services.excel_service - Fichier validé : extension=.xlsx, taille=679279 octets
2026-08-25 15:34:07,064 [DEBUG] services.excel_service - Feuilles trouvées : ['CEP 25', 'COUPLAGE OP_OM 2026 _GP ', 'CEP 2026', 'GPT GVEC_2026', 'GPT MCV_REVOLVING 26', 'BDD APPUI OP ', 'BDD UNION', 'BDD COOPERATIVE', 'MCV_REALISE', 'MCV_REVOLVING', 'Semence direct_Riz 2024', 'Semence direct_oignon_2024', 'DIFUSSION KIT SMI', 'PI AUE', 'GCV', 'ORN', 'FDA_REMONTE', 'GVEC 2025', 'FDA REALISE', 'FBS', 'GALS', 'COUPLAGE 2025', 'COUPLAGE 20-26', 'PACK RIZ', 'POST CATASTROPHE', 'SEMENCE DE BASE', 'Appui TTMK_KMM']
2026-08-25 15:34:29,947 [DEBUG] services.excel_service - Fichier validé : extension=.xlsx, taille=18877230 octets
2026-08-25 15:34:32,084 [DEBUG] services.excel_service - Feuilles trouvées : ['PMS 25', 'PMS 19-25', 'COUPLAGE OP-OM 2026', 'PMS  26 (Semence de Base)', 'CEP 2026', 'EAF GVEC_2026', 'APPUI EAF_2026', 'NUTRITION 2026', 'EAF MCV_REVOLVING 26', 'MCV REMONTE', 'MCV REMONTE 2025', 'MCV_REALISE', 'MCV_REVOLVING', 'MCV_REVOLVING 2025', 'LABOUR', 'Semence direct_Riz_2024', 'Semence direct_Oignon_2024', 'SD Poste Catastrophe 25 rémonté', 'GVEC', 'GVEC 2025 ', 'PI AUE', 'GCV', 'FDA-REALISE ', 'ORN ', 'APPUI EAF 19-24 ', 'APPUI_EAF_2024', 'APPUI EAF_2025 ', 'APPUI EAF_2019_2026', 'EAF NI_19 24', 'EAF NI 2024', 'EAF NI 2025 ', 'PACK RIZ', 'POST CATATROPHE', 'SEMENCE DE BASE', 'NUTRITION', 'EAF_Interessé OP_OM 2025', 'COUPLAGE 2025 ', 'COUPLAGE 2019_2025', 'EAF_Interessé OP_OM 2026', 'COUPLAGE 2026', 'FBS ', 'GALS +', "GALS_par effet tâche d'huil ", 'FEMME LEADER ', 'NUTRUTION 2025', 'FBS', 'EAF Participant Travaux HIMO', 'EAF Béneficaire  PI HIMO']
2026-08-25 15:34:35,987 [DEBUG] services.excel_service - Fichier validé : extension=.xlsx, taille=18877230 octets
2026-08-25 15:34:37,415 [DEBUG] services.excel_service - Prévisualisation : feuille=PMS 25, nombre_de_lignes=1
2026-08-25 15:34:47,434 [DEBUG] services.excel_service - Fichier validé : extension=.xlsx, taille=18877230 octets
2026-08-25 15:34:48,168 [DEBUG] services.excel_service - Fichier validé : extension=.xlsx, taille=18877230 octets
2026-08-25 15:34:48,416 [DEBUG] services.excel_service - Fichier validé : extension=.xlsx, taille=18877230 octets
2026-08-25 15:34:48,869 [DEBUG] services.excel_service - Fichier validé : extension=.xlsx, taille=18877230 octets
2026-08-25 15:34:49,619 [DEBUG] services.excel_service - Fichier validé : extension=.xlsx, taille=18877230 octets
2026-08-25 15:34:50,287 [DEBUG] services.excel_service - Fichier validé : extension=.xlsx, taille=18877230 octets
2026-08-25 15:34:50,741 [DEBUG] services.excel_service - Fichier validé : extension=.xlsx, taille=18877230 octets
2026-08-25 15:34:57,426 [DEBUG] services.excel_service - Prévisualisation : feuille=MCV_REVOLVING, nombre_de_lignes=1
2026-08-25 15:34:58,101 [DEBUG] services.excel_service - Prévisualisation : feuille=MCV_REVOLVING, nombre_de_lignes=1
2026-08-25 15:34:58,160 [DEBUG] services.excel_service - Prévisualisation : feuille=MCV_REVOLVING, nombre_de_lignes=1
2026-08-25 15:34:58,525 [DEBUG] services.excel_service - Prévisualisation : feuille=MCV_REVOLVING, nombre_de_lignes=1
2026-08-25 15:34:58,712 [DEBUG] services.excel_service - Prévisualisation : feuille=MCV_REVOLVING, nombre_de_lignes=1
2026-08-25 15:34:58,745 [DEBUG] services.excel_service - Prévisualisation : feuille=MCV_REVOLVING, nombre_de_lignes=1
2026-08-25 15:34:58,817 [DEBUG] services.excel_service - Prévisualisation : feuille=MCV_REVOLVING, nombre_de_lignes=1
2026-08-25 15:42:51,789 [DEBUG] services.excel_service - Fichier validé : extension=.xlsx, taille=33629 octets
2026-08-25 15:42:51,967 [DEBUG] services.excel_service - Feuilles trouvées : ['Feuille_1_Niv_0', 'Feuille_2_Niv_1', 'Feuille_3_Niv_2', 'Feuille_4_Niv_3', 'Feuille_5_Niv_4', 'Feuille_6_Niv_5', 'Feuille_7_Mixte']
2026-08-25 15:42:57,854 [DEBUG] services.excel_service - Fichier validé : extension=.xlsx, taille=33629 octets
2026-08-25 15:42:57,999 [DEBUG] services.excel_service - Prévisualisation : feuille=Feuille_1_Niv_0, nombre_de_lignes=1
2026-08-25 15:43:07,996 [DEBUG] services.excel_service - Fichier validé : extension=.xlsx, taille=33629 octets
2026-08-25 15:43:08,092 [DEBUG] services.excel_service - Prévisualisation : feuille=Feuille_1_Niv_0, nombre_de_lignes=1
2026-08-25 15:45:36,616 [DEBUG] services.excel_service - Fichier validé : extension=.xlsx, taille=33629 octets
2026-08-25 15:45:36,704 [DEBUG] services.excel_service - Feuilles trouvées : ['Feuille_1_Niv_0', 'Feuille_2_Niv_1', 'Feuille_3_Niv_2', 'Feuille_4_Niv_3', 'Feuille_5_Niv_4', 'Feuille_6_Niv_5', 'Feuille_7_Mixte']
2026-08-25 15:45:40,682 [DEBUG] services.excel_service - Fichier validé : extension=.xlsx, taille=33629 octets
2026-08-25 15:45:40,823 [DEBUG] services.excel_service - Prévisualisation : feuille=Feuille_2_Niv_1, nombre_de_lignes=1
2026-08-25 15:48:11,567 [DEBUG] services.excel_service - Fichier validé : extension=.xlsx, taille=18877230 octets
2026-08-25 15:48:13,280 [DEBUG] services.excel_service - Feuilles trouvées : ['PMS 25', 'PMS 19-25', 'COUPLAGE OP-OM 2026', 'PMS  26 (Semence de Base)', 'CEP 2026', 'EAF GVEC_2026', 'APPUI EAF_2026', 'NUTRITION 2026', 'EAF MCV_REVOLVING 26', 'MCV REMONTE', 'MCV REMONTE 2025', 'MCV_REALISE', 'MCV_REVOLVING', 'MCV_REVOLVING 2025', 'LABOUR', 'Semence direct_Riz_2024', 'Semence direct_Oignon_2024', 'SD Poste Catastrophe 25 rémonté', 'GVEC', 'GVEC 2025 ', 'PI AUE', 'GCV', 'FDA-REALISE ', 'ORN ', 'APPUI EAF 19-24 ', 'APPUI_EAF_2024', 'APPUI EAF_2025 ', 'APPUI EAF_2019_2026', 'EAF NI_19 24', 'EAF NI 2024', 'EAF NI 2025 ', 'PACK RIZ', 'POST CATATROPHE', 'SEMENCE DE BASE', 'NUTRITION', 'EAF_Interessé OP_OM 2025', 'COUPLAGE 2025 ', 'COUPLAGE 2019_2025', 'EAF_Interessé OP_OM 2026', 'COUPLAGE 2026', 'FBS ', 'GALS +', "GALS_par effet tâche d'huil ", 'FEMME LEADER ', 'NUTRUTION 2025', 'FBS', 'EAF Participant Travaux HIMO', 'EAF Béneficaire  PI HIMO']
2026-08-25 15:48:22,360 [DEBUG] services.excel_service - Fichier validé : extension=.xlsx, taille=18877230 octets
2026-08-25 15:48:23,620 [DEBUG] services.excel_service - Prévisualisation : feuille=MCV_REVOLVING, nombre_de_lignes=1
2026-08-25 15:50:49,305 [DEBUG] services.excel_service - Fichier validé : extension=.xls, taille=55618560 octets
2026-08-25 15:50:51,416 [DEBUG] services.excel_service - Feuilles trouvées : ['PMS_19_24', 'PMS 25', 'PMS 19-25', 'Feuil1', 'PMS 2026', 'CEP 19-24', 'CEP 25', 'CEP 26', 'MCV REMONTE', 'MCV REMONTE 25', 'MCV_REALISE', 'MCV_REVOLVING', 'MCV RECOLNING 26', 'MCV OVIN 26', 'LABOUR', 'Semence direct_Riz_2024', 'Semence direct_Oignon_2024', 'GVEC 2024', 'GVEC 2025', 'GVEC 26', 'PI AUE', 'GCV', 'PACK RIZ', 'POST CATATROPHE', 'SEMENCE DE BASE', 'FDA_REMONTE', 'FDA-REALISE', 'ORN', 'APPUI_EAF_2024', 'APPUI EAF_2019_2025', 'APPUI EAF_2026', 'EAF NI_19 24', 'EAF NI 2024', 'EAF NI 2025', 'NUTRITION 2025', 'NUTRITION 26', 'COUPLAGE 2025', 'COUPLAGE 2019_2026', 'COUPLAGE 26', 'EAF_Interessé OP_OM', 'EAF_Interessé OP_OM 2025', 'FBS', 'GALS', "GALS_par effet tâche d'huile", 'FEMME LEADER', 'DONNEE SUR LE PI', 'LISTE MO HIMO']
2026-08-25 15:50:57,353 [DEBUG] services.excel_service - Fichier validé : extension=.xls, taille=55618560 octets
2026-08-25 15:50:57,910 [DEBUG] services.excel_service - Prévisualisation : feuille=PMS_19_24, nombre_de_lignes=1
2026-08-25 15:51:03,259 [DEBUG] services.excel_service - Fichier validé : extension=.xls, taille=55618560 octets
2026-08-25 15:51:03,670 [DEBUG] services.excel_service - Prévisualisation : feuille=PMS 25, nombre_de_lignes=1
2026-08-25 16:07:06,171 [DEBUG] services.excel_service - Fichier validé : extension=.xlsx, taille=33629 octets
2026-08-25 16:07:06,322 [DEBUG] services.excel_service - Feuilles trouvées : ['Feuille_1_Niv_0', 'Feuille_2_Niv_1', 'Feuille_3_Niv_2', 'Feuille_4_Niv_3', 'Feuille_5_Niv_4', 'Feuille_6_Niv_5', 'Feuille_7_Mixte']
2026-08-25 16:39:25,251 [DEBUG] services.excel_service - Fichier validé : extension=.xlsx, taille=18877230 octets
2026-08-25 16:39:26,647 [DEBUG] services.excel_service - Feuilles trouvées : ['PMS 25', 'PMS 19-25', 'COUPLAGE OP-OM 2026', 'PMS  26 (Semence de Base)', 'CEP 2026', 'EAF GVEC_2026', 'APPUI EAF_2026', 'NUTRITION 2026', 'EAF MCV_REVOLVING 26', 'MCV REMONTE', 'MCV REMONTE 2025', 'MCV_REALISE', 'MCV_REVOLVING', 'MCV_REVOLVING 2025', 'LABOUR', 'Semence direct_Riz_2024', 'Semence direct_Oignon_2024', 'SD Poste Catastrophe 25 rémonté', 'GVEC', 'GVEC 2025 ', 'PI AUE', 'GCV', 'FDA-REALISE ', 'ORN ', 'APPUI EAF 19-24 ', 'APPUI_EAF_2024', 'APPUI EAF_2025 ', 'APPUI EAF_2019_2026', 'EAF NI_19 24', 'EAF NI 2024', 'EAF NI 2025 ', 'PACK RIZ', 'POST CATATROPHE', 'SEMENCE DE BASE', 'NUTRITION', 'EAF_Interessé OP_OM 2025', 'COUPLAGE 2025 ', 'COUPLAGE 2019_2025', 'EAF_Interessé OP_OM 2026', 'COUPLAGE 2026', 'FBS ', 'GALS +', "GALS_par effet tâche d'huil ", 'FEMME LEADER ', 'NUTRUTION 2025', 'FBS', 'EAF Participant Travaux HIMO', 'EAF Béneficaire  PI HIMO']
2026-08-25 16:39:41,722 [DEBUG] services.excel_service - Fichier validé : extension=.xlsx, taille=18877230 octets
2026-08-25 16:39:43,220 [DEBUG] services.excel_service - Prévisualisation : feuille=Semence direct_Riz_2024, nombre_de_lignes=1
2026-08-25 16:56:32,138 [DEBUG] services.excel_service - Fichier validé : extension=.xlsx, taille=33629 octets
2026-08-25 16:56:32,262 [DEBUG] services.excel_service - Feuilles trouvées : ['Feuille_1_Niv_0', 'Feuille_2_Niv_1', 'Feuille_3_Niv_2', 'Feuille_4_Niv_3', 'Feuille_5_Niv_4', 'Feuille_6_Niv_5', 'Feuille_7_Mixte']
2026-08-25 17:22:17,816 [DEBUG] services.excel_service - Fichier validé : extension=.xlsx, taille=12913444 octets
2026-08-25 17:22:18,444 [DEBUG] services.excel_service - Feuilles trouvées : ['PMS_19_24', 'PMS 25', 'PMS 19-25', 'Feuil1', 'PMS 2026', 'CEP 19-24', 'CEP 25', 'CEP 26', 'MCV REMONTE', 'MCV REMONTE 25', 'MCV_REALISE', 'MCV_REVOLVING', 'MCV RECOLNING 26', 'MCV OVIN 26', 'LABOUR', 'Semence direct_Riz_2024', 'Semence direct_Oignon_2024', 'GVEC 2024', 'GVEC 2025', 'GVEC 26', 'PI AUE', 'GCV', 'PACK RIZ', 'POST CATATROPHE', 'SEMENCE DE BASE', 'FDA_REMONTE', 'FDA-REALISE', 'ORN', 'APPUI EAF_2019_2025', 'APPUI EAF_2026', 'EAF NI_19 24', 'EAF NI 2024', 'EAF NI 2025', 'NUTRITION 2025', 'NUTRITION 26', 'APPUI_EAF_2024']
2026-08-25 17:22:25,087 [DEBUG] services.excel_service - Fichier validé : extension=.xlsx, taille=12913444 octets
2026-08-25 17:22:25,480 [DEBUG] services.excel_service - Prévisualisation : feuille=PMS_19_24, nombre_de_lignes=1
2026-08-25 18:01:50,572 [DEBUG] services.excel_service - Fichier validé : extension=.xlsx, taille=12913444 octets
2026-08-25 18:01:50,999 [DEBUG] services.excel_service - Feuilles trouvées : ['PMS_19_24', 'PMS 25', 'PMS 19-25', 'Feuil1', 'PMS 2026', 'CEP 19-24', 'CEP 25', 'CEP 26', 'MCV REMONTE', 'MCV REMONTE 25', 'MCV_REALISE', 'MCV_REVOLVING', 'MCV RECOLNING 26', 'MCV OVIN 26', 'LABOUR', 'Semence direct_Riz_2024', 'Semence direct_Oignon_2024', 'GVEC 2024', 'GVEC 2025', 'GVEC 26', 'PI AUE', 'GCV', 'PACK RIZ', 'POST CATATROPHE', 'SEMENCE DE BASE', 'FDA_REMONTE', 'FDA-REALISE', 'ORN', 'APPUI EAF_2019_2025', 'APPUI EAF_2026', 'EAF NI_19 24', 'EAF NI 2024', 'EAF NI 2025', 'NUTRITION 2025', 'NUTRITION 26', 'APPUI_EAF_2024']
2026-08-25 18:02:53,822 [DEBUG] services.excel_service - Fichier validé : extension=.xlsx, taille=12913444 octets
2026-08-25 18:02:54,356 [DEBUG] services.excel_service - Feuilles trouvées : ['PMS_19_24', 'PMS 25', 'PMS 19-25', 'Feuil1', 'PMS 2026', 'CEP 19-24', 'CEP 25', 'CEP 26', 'MCV REMONTE', 'MCV REMONTE 25', 'MCV_REALISE', 'MCV_REVOLVING', 'MCV RECOLNING 26', 'MCV OVIN 26', 'LABOUR', 'Semence direct_Riz_2024', 'Semence direct_Oignon_2024', 'GVEC 2024', 'GVEC 2025', 'GVEC 26', 'PI AUE', 'GCV', 'PACK RIZ', 'POST CATATROPHE', 'SEMENCE DE BASE', 'FDA_REMONTE', 'FDA-REALISE', 'ORN', 'APPUI EAF_2019_2025', 'APPUI EAF_2026', 'EAF NI_19 24', 'EAF NI 2024', 'EAF NI 2025', 'NUTRITION 2025', 'NUTRITION 26', 'APPUI_EAF_2024']
2026-08-25 18:50:57,764 [DEBUG] services.excel_service - Fichier validé : extension=.xlsx, taille=12913444 octets
2026-08-25 18:50:58,189 [DEBUG] services.excel_service - Feuilles trouvées : ['PMS_19_24', 'PMS 25', 'PMS 19-25', 'Feuil1', 'PMS 2026', 'CEP 19-24', 'CEP 25', 'CEP 26', 'MCV REMONTE', 'MCV REMONTE 25', 'MCV_REALISE', 'MCV_REVOLVING', 'MCV RECOLNING 26', 'MCV OVIN 26', 'LABOUR', 'Semence direct_Riz_2024', 'Semence direct_Oignon_2024', 'GVEC 2024', 'GVEC 2025', 'GVEC 26', 'PI AUE', 'GCV', 'PACK RIZ', 'POST CATATROPHE', 'SEMENCE DE BASE', 'FDA_REMONTE', 'FDA-REALISE', 'ORN', 'APPUI EAF_2019_2025', 'APPUI EAF_2026', 'EAF NI_19 24', 'EAF NI 2024', 'EAF NI 2025', 'NUTRITION 2025', 'NUTRITION 26', 'APPUI_EAF_2024']
2026-08-26 19:39:34,413 [DEBUG] services.excel_service - Fichier validé : extension=.xlsx, taille=12913444 octets
2026-08-26 19:39:35,071 [DEBUG] services.excel_service - Feuilles trouvées : ['PMS_19_24', 'PMS 25', 'PMS 19-25', 'Feuil1', 'PMS 2026', 'CEP 19-24', 'CEP 25', 'CEP 26', 'MCV REMONTE', 'MCV REMONTE 25', 'MCV_REALISE', 'MCV_REVOLVING', 'MCV RECOLNING 26', 'MCV OVIN 26', 'LABOUR', 'Semence direct_Riz_2024', 'Semence direct_Oignon_2024', 'GVEC 2024', 'GVEC 2025', 'GVEC 26', 'PI AUE', 'GCV', 'PACK RIZ', 'POST CATATROPHE', 'SEMENCE DE BASE', 'FDA_REMONTE', 'FDA-REALISE', 'ORN', 'APPUI EAF_2019_2025', 'APPUI EAF_2026', 'EAF NI_19 24', 'EAF NI 2024', 'EAF NI 2025', 'NUTRITION 2025', 'NUTRITION 26', 'APPUI_EAF_2024']
2026-08-26 19:39:47,051 [DEBUG] services.excel_service - Fichier validé : extension=.xlsx, taille=12913444 octets
2026-08-26 19:39:47,381 [DEBUG] services.excel_service - Prévisualisation : feuille=PMS 25, nombre_de_lignes=1
2026-08-26 19:52:28,960 [DEBUG] services.excel_service - Fichier validé : extension=.xlsx, taille=33629 octets
2026-08-26 19:52:29,198 [DEBUG] services.excel_service - Feuilles trouvées : ['Feuille_1_Niv_0', 'Feuille_2_Niv_1', 'Feuille_3_Niv_2', 'Feuille_4_Niv_3', 'Feuille_5_Niv_4', 'Feuille_6_Niv_5', 'Feuille_7_Mixte']
2026-08-26 20:04:00,034 [DEBUG] services.excel_service - Fichier validé : extension=.xls, taille=2347520 octets
2026-08-26 20:04:00,267 [DEBUG] services.excel_service - Feuilles trouvées : ['PMS 2026', 'CEP 2026', 'MCV_REALISE', 'MCV_REVOLVING', 'MCV REVOLVING 2026', 'GVEC 2025', 'GGVEC 26', 'PACK RIZ', 'POST CATASTROPHE', 'SEMENCE DE BASE', 'Semence direct_Riz 2024', 'Semence direct_oignon_2024', 'DIFUSSION KIT SMI', 'PI AUE', 'GCV', 'ORN', 'FDA_REMONTE', 'FDA REALISE', 'FBS', 'GALS', 'COUPLAGE 2025', 'COUPLAGE 20_26', 'COUPLAGE 2026', 'BDD APPUI OP ', 'BDD UNION', 'BDD COOPERATIVE', 'Appui TTMK_KMM']
2026-08-26 20:04:05,466 [DEBUG] services.excel_service - Fichier validé : extension=.xls, taille=55618560 octets
2026-08-26 20:04:07,279 [DEBUG] services.excel_service - Feuilles trouvées : ['PMS_19_24', 'PMS 25', 'PMS 19-25', 'Feuil1', 'PMS 2026', 'CEP 19-24', 'CEP 25', 'CEP 26', 'MCV REMONTE', 'MCV REMONTE 25', 'MCV_REALISE', 'MCV_REVOLVING', 'MCV RECOLNING 26', 'MCV OVIN 26', 'LABOUR', 'Semence direct_Riz_2024', 'Semence direct_Oignon_2024', 'GVEC 2024', 'GVEC 2025', 'GVEC 26', 'PI AUE', 'GCV', 'PACK RIZ', 'POST CATATROPHE', 'SEMENCE DE BASE', 'FDA_REMONTE', 'FDA-REALISE', 'ORN', 'APPUI_EAF_2024', 'APPUI EAF_2019_2025', 'APPUI EAF_2026', 'EAF NI_19 24', 'EAF NI 2024', 'EAF NI 2025', 'NUTRITION 2025', 'NUTRITION 26', 'COUPLAGE 2025', 'COUPLAGE 2019_2026', 'COUPLAGE 26', 'EAF_Interessé OP_OM', 'EAF_Interessé OP_OM 2025', 'FBS', 'GALS', "GALS_par effet tâche d'huile", 'FEMME LEADER', 'DONNEE SUR LE PI', 'LISTE MO HIMO']
